1) Roboto Light - /fonts/RobotoLight/RobotoLight.woff, /fonts/RobotoLight/RobotoLight.ttf
2) (No route matches [PROPFIND] "/webdav")
3) Sessions - stylesheets/users/sessions.css, /javascripts/users/sessions.js
4) Bootstrap - (No route matches [GET] "/assets/bootstrap/tab.self-29fa9013814a8be6856866f1965521d786c926e8e600d53da8a0d9a3d3e7df03.js")
5) Robots - (No route matches [GET] "/loginrobots.txt")
6) 